\BOOKMARK [1][-]{section.1}{\376\377\133\236\232\214\124\015\171\360}{}% 1
\BOOKMARK [1][-]{section.2}{\376\377\133\236\232\214\121\205\133\271\124\214\166\356\166\204}{}% 2
\BOOKMARK [2][-]{subsection.2.1}{\376\377\133\236\232\214\121\205\133\271}{section.2}% 3
\BOOKMARK [2][-]{subsection.2.2}{\376\377\133\236\232\214\166\356\166\204}{section.2}% 4
\BOOKMARK [1][-]{section.3}{\376\377\133\236\232\214\123\237\164\006}{}% 5
\BOOKMARK [2][-]{subsection.3.1}{\376\377\172\357\123\343\116\016\177\121\176\334\147\015\122\241}{section.3}% 6
\BOOKMARK [2][-]{subsection.3.2}{\376\377\172\357\123\343\142\153\143\317\127\372\147\054\140\035\140\363}{section.3}% 7
\BOOKMARK [2][-]{subsection.3.3}{\376\377\000T\000C\000P\000\040\000c\000o\000n\000n\000e\000c\000t\000\040\142\153\143\317\123\237\164\006}{section.3}% 8
\BOOKMARK [2][-]{subsection.3.4}{\376\377\000U\000D\000P\000\040\143\242\155\113\123\237\164\006}{section.3}% 9
\BOOKMARK [2][-]{subsection.3.5}{\376\377\131\032\176\277\172\013\142\153\143\317\123\237\164\006}{section.3}% 10
\BOOKMARK [1][-]{section.4}{\376\377\133\236\232\214\126\150\147\120\377\010\213\276\131\007\060\001\217\157\116\366\163\257\130\203\377\011}{}% 11
\BOOKMARK [2][-]{subsection.4.1}{\376\377\170\154\116\366\163\257\130\203}{section.4}% 12
\BOOKMARK [2][-]{subsection.4.2}{\376\377\217\157\116\366\163\257\130\203}{section.4}% 13
\BOOKMARK [1][-]{section.5}{\376\377\133\236\232\214\213\276\213\241\140\035\215\357}{}% 14
\BOOKMARK [2][-]{subsection.5.1}{\376\377\140\073\117\123\147\266\147\204\213\276\213\241}{section.5}% 15
\BOOKMARK [2][-]{subsection.5.2}{\376\377\126\376\137\142\165\114\227\142\213\276\213\241}{section.5}% 16
\BOOKMARK [2][-]{subsection.5.3}{\376\377\000R\000a\000d\000i\000u\000s\000\040\172\357\123\343\116\000\225\056\213\276\177\156\213\276\213\241}{section.5}% 17
\BOOKMARK [2][-]{subsection.5.4}{\376\377\142\153\143\317\116\373\122\241\226\037\122\027\213\276\213\241}{section.5}% 18
\BOOKMARK [2][-]{subsection.5.5}{\376\377\135\345\117\134\176\277\172\013\213\276\213\241}{section.5}% 19
\BOOKMARK [2][-]{subsection.5.6}{\376\377\000W\000o\000r\000k\000e\000r\000L\000o\000o\000p\000\040\142\153\143\317\155\101\172\013\213\276\213\241}{section.5}% 20
\BOOKMARK [2][-]{subsection.5.7}{\376\377\000T\000C\000P\000\040\142\153\143\317\152\041\127\127\213\276\213\241}{section.5}% 21
\BOOKMARK [2][-]{subsection.5.8}{\376\377\000U\000D\000P\000\040\143\242\155\113\152\041\127\127\213\276\213\241}{section.5}% 22
\BOOKMARK [2][-]{subsection.5.9}{\376\377\165\114\227\142\146\364\145\260\116\016\176\277\172\013\133\211\121\150\213\276\213\241}{section.5}% 23
\BOOKMARK [2][-]{subsection.5.10}{\376\377\000R\000a\000d\000i\000u\000s\000M\000o\000c\000k\000S\000e\000r\000v\000e\000r\000\040\213\276\213\241}{section.5}% 24
\BOOKMARK [1][-]{section.6}{\376\377\133\236\232\214\153\145\232\244}{}% 25
\BOOKMARK [2][-]{subsection.6.1}{\376\377\142\123\137\000\230\171\166\356\136\166\165\037\142\020\211\343\121\263\145\271\150\110}{section.6}% 26
\BOOKMARK [2][-]{subsection.6.2}{\376\377\124\057\122\250\000\040\000R\000a\000d\000i\000u\000s\000M\000o\000c\000k\000S\000e\000r\000v\000e\000r}{section.6}% 27
\BOOKMARK [2][-]{subsection.6.3}{\376\377\124\057\122\250\000\040\000P\000o\000r\000t\000S\000c\000a\000n\000n\000e\000r\000G\000U\000I\000\040\136\166\213\276\177\156\123\302\145\160}{section.6}% 28
\BOOKMARK [2][-]{subsection.6.4}{\376\377\142\147\210\114\142\153\143\317\136\166\213\260\137\125\176\323\147\234}{section.6}% 29
\BOOKMARK [1][-]{section.7}{\376\377\133\236\232\214\145\160\143\156\123\312\176\323\147\234\122\006\147\220}{}% 30
\BOOKMARK [2][-]{subsection.7.1}{\376\377\133\236\232\214\217\223\121\145\123\302\145\160}{section.7}% 31
\BOOKMARK [2][-]{subsection.7.2}{\376\377\142\153\143\317\176\323\147\234}{section.7}% 32
\BOOKMARK [2][-]{subsection.7.3}{\376\377\176\323\147\234\122\006\147\220}{section.7}% 33
\BOOKMARK [1][-]{section.8}{\376\377\133\236\232\214\210\145\121\105\116\016\142\323\134\125\000*}{}% 34
\BOOKMARK [2][-]{subsection.8.1}{\376\377\142\151\134\125\124\016\166\204\172\013\136\217\176\323\147\204}{section.8}% 35
\BOOKMARK [2][-]{subsection.8.2}{\376\377\160\165\155\073\172\357\123\343\210\150\217\276\137\017\217\223\121\145\142\151\134\125}{section.8}% 36
\BOOKMARK [2][-]{subsection.8.3}{\376\377\136\070\211\301\172\357\123\343\167\345\213\306\136\223\142\151\134\125\116\016\142\153\143\317\127\072\146\157\230\204\213\276}{section.8}% 37
\BOOKMARK [2][-]{subsection.8.4}{\376\377\142\153\143\317\176\323\147\234\134\125\171\072\145\071\217\333}{section.8}% 38
\BOOKMARK [2][-]{subsection.8.5}{\376\377\136\166\123\321\142\153\143\317\145\160\221\317\213\276\177\156}{section.8}% 39
\BOOKMARK [2][-]{subsection.8.6}{\376\377\142\153\143\317\176\323\147\234\217\307\156\344\122\237\200\375}{section.8}% 40
\BOOKMARK [1][-]{section.9}{\376\377\133\236\232\214\176\323\213\272\060\001\137\303\137\227\117\123\117\032\124\214\145\071\217\333\136\372\213\256}{}% 41
\BOOKMARK [2][-]{subsection.9.1}{\376\377\133\236\232\214\176\323\213\272}{section.9}% 42
\BOOKMARK [2][-]{subsection.9.2}{\376\377\137\303\137\227\117\123\117\032}{section.9}% 43
\BOOKMARK [2][-]{subsection.9.3}{\376\377\145\071\217\333\136\372\213\256}{section.9}% 44
\BOOKMARK [1][-]{appendix.A}{\376\377\226\104\137\125\377\032\116\073\211\201\156\220\170\001\377\010\227\136\142\323\134\125\377\014\133\236\232\214\211\201\154\102\220\350\122\006\377\011}{}% 45
\BOOKMARK [2][-]{subsection.A.1}{\376\377\000P\000o\000r\000t\000S\000c\000a\000n\000n\000e\000r\000G\000U\000I\000/\000M\000a\000i\000n\000F\000o\000r\000m\000.\000c\000s}{appendix.A}% 46
\BOOKMARK [2][-]{subsection.A.2}{\376\377\000P\000o\000r\000t\000S\000c\000a\000n\000n\000e\000r\000G\000U\000I\000/\000P\000r\000o\000g\000r\000a\000m\000.\000c\000s}{appendix.A}% 47
\BOOKMARK [2][-]{subsection.A.3}{\376\377\000R\000a\000d\000i\000u\000s\000M\000o\000c\000k\000S\000e\000r\000v\000e\000r\000/\000P\000r\000o\000g\000r\000a\000m\000.\000c\000s}{appendix.A}% 48
